127.0.0.1 - - [11/May/2023:09:16:06 +0900] "GET / HTTP/1.1" 404 807
0:0:0:0:0:0:0:1 - - [11/May/2023:09:16:06 +0900] "GET /ServletStudy/myservlet01 HTTP/1.1" 200 -
0:0:0:0:0:0:0:1 - - [11/May/2023:09:16:06 +0900] "GET /favicon.ico HTTP/1.1" 404 818
127.0.0.1 - - [11/May/2023:09:22:43 +0900] "GET / HTTP/1.1" 404 807
0:0:0:0:0:0:0:1 - - [11/May/2023:09:22:43 +0900] "GET /ServletStudy/myservlet02 HTTP/1.1" 405 825
127.0.0.1 - - [11/May/2023:14:05:13 +0900] "GET / HTTP/1.1" 404 807
0:0:0:0:0:0:0:1 - - [11/May/2023:14:05:13 +0900] "GET /ServletStudy/myservlet04 HTTP/1.1" 200 56
0:0:0:0:0:0:0:1 - - [11/May/2023:14:05:13 +0900] "GET /favicon.ico HTTP/1.1" 404 818
127.0.0.1 - - [11/May/2023:14:05:42 +0900] "GET / HTTP/1.1" 404 807
0:0:0:0:0:0:0:1 - - [11/May/2023:14:05:42 +0900] "GET /ServletStudy/myservlet04 HTTP/1.1" 200 160
127.0.0.1 - - [11/May/2023:14:07:06 +0900] "GET / HTTP/1.1" 404 807
0:0:0:0:0:0:0:1 - - [11/May/2023:14:07:06 +0900] "GET /ServletStudy/myservlet04 HTTP/1.1" 200 160
127.0.0.1 - - [11/May/2023:14:22:36 +0900] "GET / HTTP/1.1" 404 807
0:0:0:0:0:0:0:1 - - [11/May/2023:14:22:36 +0900] "GET /ServletStudy/gugudan HTTP/1.1" 200 210
0:0:0:0:0:0:0:1 - - [11/May/2023:14:24:08 +0900] "GET /ServletStudy/gugudan HTTP/1.1" 200 210
127.0.0.1 - - [11/May/2023:14:24:16 +0900] "GET / HTTP/1.1" 404 807
0:0:0:0:0:0:0:1 - - [11/May/2023:14:24:16 +0900] "GET /ServletStudy/gugudan HTTP/1.1" 200 210
127.0.0.1 - - [11/May/2023:14:25:01 +0900] "GET / HTTP/1.1" 404 807
0:0:0:0:0:0:0:1 - - [11/May/2023:14:25:02 +0900] "GET /ServletStudy/gugudan HTTP/1.1" 200 210
127.0.0.1 - - [11/May/2023:14:26:21 +0900] "GET / HTTP/1.1" 404 807
0:0:0:0:0:0:0:1 - - [11/May/2023:14:26:22 +0900] "GET /ServletStudy/myservlet04 HTTP/1.1" 200 -
127.0.0.1 - - [11/May/2023:14:27:57 +0900] "GET / HTTP/1.1" 404 807
0:0:0:0:0:0:0:1 - - [11/May/2023:14:27:57 +0900] "GET /ServletStudy/gugudan HTTP/1.1" 200 210
127.0.0.1 - - [11/May/2023:14:30:23 +0900] "GET / HTTP/1.1" 404 807
0:0:0:0:0:0:0:1 - - [11/May/2023:14:30:24 +0900] "GET /ServletStudy/gugudan HTTP/1.1" 200 210
127.0.0.1 - - [11/May/2023:14:33:21 +0900] "GET / HTTP/1.1" 404 807
0:0:0:0:0:0:0:1 - - [11/May/2023:14:33:22 +0900] "GET /ServletStudy/gugudan HTTP/1.1" 200 210
127.0.0.1 - - [11/May/2023:14:47:50 +0900] "GET / HTTP/1.1" 404 807
0:0:0:0:0:0:0:1 - - [11/May/2023:14:47:50 +0900] "GET /ServletStudy/gugudan HTTP/1.1" 200 45
127.0.0.1 - - [11/May/2023:14:56:14 +0900] "GET / HTTP/1.1" 404 807
0:0:0:0:0:0:0:1 - - [11/May/2023:14:56:14 +0900] "GET /ServletStudy/gugudan HTTP/1.1" 200 25
127.0.0.1 - - [11/May/2023:14:57:42 +0900] "GET / HTTP/1.1" 404 807
0:0:0:0:0:0:0:1 - - [11/May/2023:14:57:43 +0900] "GET /ServletStudy/gugudan HTTP/1.1" 200 36
0:0:0:0:0:0:0:1 - - [11/May/2023:14:58:39 +0900] "GET /ServletStudy/gugudan?num=3&type= HTTP/1.1" 200 36
127.0.0.1 - - [11/May/2023:14:59:28 +0900] "GET / HTTP/1.1" 404 807
0:0:0:0:0:0:0:1 - - [11/May/2023:14:59:28 +0900] "GET /ServletStudy/gugudan HTTP/1.1" 200 36
0:0:0:0:0:0:0:1 - - [11/May/2023:14:59:40 +0900] "GET /ServletStudy/gugudan?num=5&type= HTTP/1.1" 200 36
0:0:0:0:0:0:0:1 - - [11/May/2023:15:00:12 +0900] "GET /ServletStudy/gugudan?num=5&type= HTTP/1.1" 200 36
127.0.0.1 - - [11/May/2023:15:00:20 +0900] "GET / HTTP/1.1" 404 807
0:0:0:0:0:0:0:1 - - [11/May/2023:15:00:20 +0900] "GET /ServletStudy/gugudan HTTP/1.1" 200 129
127.0.0.1 - - [11/May/2023:15:01:14 +0900] "GET / HTTP/1.1" 404 807
0:0:0:0:0:0:0:1 - - [11/May/2023:15:01:14 +0900] "GET /ServletStudy/gugudan HTTP/1.1" 200 45
0:0:0:0:0:0:0:1 - - [11/May/2023:15:01:32 +0900] "GET /ServletStudy/gugudan?num=5&type= HTTP/1.1" 200 45
127.0.0.1 - - [11/May/2023:15:01:45 +0900] "GET / HTTP/1.1" 404 807
0:0:0:0:0:0:0:1 - - [11/May/2023:15:01:46 +0900] "GET /ServletStudy/gugudan HTTP/1.1" 200 210
0:0:0:0:0:0:0:1 - - [11/May/2023:15:01:51 +0900] "GET /ServletStudy/gugudan?num=5&type= HTTP/1.1" 200 213
0:0:0:0:0:0:0:1 - - [11/May/2023:15:01:56 +0900] "GET /ServletStudy/gugudan?num=9&type= HTTP/1.1" 200 213
0:0:0:0:0:0:0:1 - - [11/May/2023:15:02:03 +0900] "GET /ServletStudy/gugudan?num=12&type= HTTP/1.1" 200 225
0:0:0:0:0:0:0:1 - - [11/May/2023:15:02:39 +0900] "GET /ServletStudy/gugudan?num=20&type= HTTP/1.1" 200 229
127.0.0.1 - - [11/May/2023:15:11:09 +0900] "GET / HTTP/1.1" 404 807
0:0:0:0:0:0:0:1 - - [11/May/2023:15:11:10 +0900] "GET /ServletStudy/myservlet04 HTTP/1.1" 200 262
127.0.0.1 - - [11/May/2023:15:12:50 +0900] "GET / HTTP/1.1" 404 807
0:0:0:0:0:0:0:1 - - [11/May/2023:15:12:51 +0900] "GET /ServletStudy/myservlet04 HTTP/1.1" 200 342
127.0.0.1 - - [11/May/2023:15:14:34 +0900] "GET / HTTP/1.1" 404 807
0:0:0:0:0:0:0:1 - - [11/May/2023:15:14:35 +0900] "GET /ServletStudy/myservlet04 HTTP/1.1" 200 314
127.0.0.1 - - [11/May/2023:15:15:13 +0900] "GET / HTTP/1.1" 404 807
0:0:0:0:0:0:0:1 - - [11/May/2023:15:15:13 +0900] "GET /ServletStudy/myservlet04 HTTP/1.1" 200 314
0:0:0:0:0:0:0:1 - - [11/May/2023:15:15:24 +0900] "GET /ServletStudy/gugudan HTTP/1.1" 200 210
0:0:0:0:0:0:0:1 - - [11/May/2023:15:15:33 +0900] "GET /ServletStudy/gugudan?num=5&type= HTTP/1.1" 200 213
0:0:0:0:0:0:0:1 - - [11/May/2023:15:15:47 +0900] "GET /ServletStudy/gugudan?num=88&type= HTTP/1.1" 200 232
0:0:0:0:0:0:0:1 - - [11/May/2023:15:15:57 +0900] "GET /ServletStudy/gugudan?num=100&type= HTTP/1.1" 200 243
0:0:0:0:0:0:0:1 - - [11/May/2023:15:16:02 +0900] "GET /ServletStudy/gugudan?num=10000&type= HTTP/1.1" 200 281
0:0:0:0:0:0:0:1 - - [11/May/2023:15:16:07 +0900] "GET /ServletStudy/gugudan?num=100000000000&type= HTTP/1.1" 500 1451
0:0:0:0:0:0:0:1 - - [11/May/2023:15:16:11 +0900] "GET /ServletStudy/gugudan?num=10000000&type= HTTP/1.1" 200 338
0:0:0:0:0:0:0:1 - - [11/May/2023:15:16:18 +0900] "GET /ServletStudy/gugudan?num=14597160&type= HTTP/1.1" 200 341
0:0:0:0:0:0:0:1 - - [11/May/2023:15:16:26 +0900] "GET /ServletStudy/gugudan?num=12&type= HTTP/1.1" 200 225
0:0:0:0:0:0:0:1 - - [11/May/2023:15:19:04 +0900] "GET /ServletStudy/gugudan?num=-1&type= HTTP/1.1" 200 224
0:0:0:0:0:0:0:1 - - [11/May/2023:15:19:09 +0900] "GET /ServletStudy/gugudan?num=8&type= HTTP/1.1" 200 213
127.0.0.1 - - [11/May/2023:15:20:06 +0900] "GET / HTTP/1.1" 404 807
0:0:0:0:0:0:0:1 - - [11/May/2023:15:20:06 +0900] "GET /ServletStudy/gugudan HTTP/1.1" 200 210
0:0:0:0:0:0:0:1 - - [11/May/2023:15:20:15 +0900] "GET /ServletStudy/gugudan?num=-1&type= HTTP/1.1" 200 -
0:0:0:0:0:0:0:1 - - [11/May/2023:15:20:53 +0900] "GET /ServletStudy/gugudan?num=-1&type= HTTP/1.1" 200 -
127.0.0.1 - - [11/May/2023:15:23:23 +0900] "GET / HTTP/1.1" 404 807
0:0:0:0:0:0:0:1 - - [11/May/2023:15:23:23 +0900] "GET /ServletStudy/gugudan HTTP/1.1" 200 210
0:0:0:0:0:0:0:1 - - [11/May/2023:15:23:32 +0900] "GET /ServletStudy/gugudan?num=5&type= HTTP/1.1" 200 213
0:0:0:0:0:0:0:1 - - [11/May/2023:15:23:36 +0900] "GET /ServletStudy/gugudan?num=10&type= HTTP/1.1" 200 280
127.0.0.1 - - [11/May/2023:15:24:09 +0900] "GET / HTTP/1.1" 404 807
0:0:0:0:0:0:0:1 - - [11/May/2023:15:24:09 +0900] "GET /ServletStudy/gugudan HTTP/1.1" 200 210
0:0:0:0:0:0:0:1 - - [11/May/2023:15:24:15 +0900] "GET /ServletStudy/gugudan?num=5&type= HTTP/1.1" 200 213
0:0:0:0:0:0:0:1 - - [11/May/2023:15:24:18 +0900] "GET /ServletStudy/gugudan?num=10&type= HTTP/1.1" 200 728
127.0.0.1 - - [11/May/2023:15:25:06 +0900] "GET / HTTP/1.1" 404 807
0:0:0:0:0:0:0:1 - - [11/May/2023:15:25:06 +0900] "GET /ServletStudy/gugudan HTTP/1.1" 200 210
0:0:0:0:0:0:0:1 - - [11/May/2023:15:25:10 +0900] "GET /ServletStudy/gugudan?num=5&type= HTTP/1.1" 200 213
0:0:0:0:0:0:0:1 - - [11/May/2023:15:25:13 +0900] "GET /ServletStudy/gugudan?num=10&type= HTTP/1.1" 200 530
127.0.0.1 - - [11/May/2023:15:26:07 +0900] "GET / HTTP/1.1" 404 807
0:0:0:0:0:0:0:1 - - [11/May/2023:15:26:07 +0900] "GET /ServletStudy/gugudan HTTP/1.1" 200 210
0:0:0:0:0:0:0:1 - - [11/May/2023:15:26:12 +0900] "GET /ServletStudy/gugudan?num=10&type= HTTP/1.1" 200 280
127.0.0.1 - - [11/May/2023:15:27:14 +0900] "GET / HTTP/1.1" 404 807
0:0:0:0:0:0:0:1 - - [11/May/2023:15:27:15 +0900] "GET /ServletStudy/gugudan HTTP/1.1" 200 45
127.0.0.1 - - [11/May/2023:15:29:38 +0900] "GET / HTTP/1.1" 404 807
0:0:0:0:0:0:0:1 - - [11/May/2023:15:29:39 +0900] "GET /ServletStudy/gugudan HTTP/1.1" 200 210
0:0:0:0:0:0:0:1 - - [11/May/2023:15:29:42 +0900] "GET /ServletStudy/gugudan?num=5&type= HTTP/1.1" 200 213
0:0:0:0:0:0:0:1 - - [11/May/2023:15:29:46 +0900] "GET /ServletStudy/gugudan?num=10&type= HTTP/1.1" 200 800
127.0.0.1 - - [11/May/2023:15:33:51 +0900] "GET / HTTP/1.1" 404 807
0:0:0:0:0:0:0:1 - - [11/May/2023:15:33:52 +0900] "GET /ServletStudy/myservlet04 HTTP/1.1" 200 290
127.0.0.1 - - [11/May/2023:15:34:54 +0900] "GET / HTTP/1.1" 404 807
0:0:0:0:0:0:0:1 - - [11/May/2023:15:34:54 +0900] "GET /ServletStudy/gugudan HTTP/1.1" 200 1101
0:0:0:0:0:0:0:1 - - [11/May/2023:15:35:15 +0900] "GET /ServletStudy/gugudan?num=5&type= HTTP/1.1" 200 1104
127.0.0.1 - - [11/May/2023:15:36:47 +0900] "GET / HTTP/1.1" 404 807
0:0:0:0:0:0:0:1 - - [11/May/2023:15:36:47 +0900] "GET /ServletStudy/gugudan HTTP/1.1" 200 1101
127.0.0.1 - - [11/May/2023:15:39:35 +0900] "GET / HTTP/1.1" 404 807
0:0:0:0:0:0:0:1 - - [11/May/2023:15:39:35 +0900] "GET /ServletStudy/gugudan HTTP/1.1" 200 876
127.0.0.1 - - [11/May/2023:15:40:11 +0900] "GET / HTTP/1.1" 404 807
0:0:0:0:0:0:0:1 - - [11/May/2023:15:40:11 +0900] "GET /ServletStudy/gugudan HTTP/1.1" 200 597
127.0.0.1 - - [11/May/2023:15:45:26 +0900] "GET / HTTP/1.1" 404 807
0:0:0:0:0:0:0:1 - - [11/May/2023:15:45:26 +0900] "GET /ServletStudy/gugudan HTTP/1.1" 200 597
0:0:0:0:0:0:0:1 - - [11/May/2023:15:45:34 +0900] "GET /ServletStudy/gugudan?num=5&type= HTTP/1.1" 200 67
127.0.0.1 - - [11/May/2023:15:45:57 +0900] "GET / HTTP/1.1" 404 807
0:0:0:0:0:0:0:1 - - [11/May/2023:15:45:57 +0900] "GET /ServletStudy/gugudan HTTP/1.1" 200 597
0:0:0:0:0:0:0:1 - - [11/May/2023:15:46:06 +0900] "GET /ServletStudy/gugudan?num=5&type= HTTP/1.1" 200 600
127.0.0.1 - - [11/May/2023:15:50:13 +0900] "GET / HTTP/1.1" 404 807
0:0:0:0:0:0:0:1 - - [11/May/2023:15:50:14 +0900] "GET /ServletStudy/gugudan HTTP/1.1" 200 192
0:0:0:0:0:0:0:1 - - [11/May/2023:15:50:19 +0900] "GET /ServletStudy/gugudan?num=5&type= HTTP/1.1" 200 195
0:0:0:0:0:0:0:1 - - [11/May/2023:15:50:22 +0900] "GET /ServletStudy/gugudan?num=5&type=reverse HTTP/1.1" 200 195
0:0:0:0:0:0:0:1 - - [11/May/2023:15:50:27 +0900] "GET /ServletStudy/gugudan?num=5&type=list HTTP/1.1" 200 213
127.0.0.1 - - [11/May/2023:15:52:52 +0900] "GET / HTTP/1.1" 404 807
0:0:0:0:0:0:0:1 - - [11/May/2023:15:52:52 +0900] "GET /ServletStudy/gugudan HTTP/1.1" 200 192
0:0:0:0:0:0:0:1 - - [11/May/2023:15:53:04 +0900] "GET /ServletStudy/gugudan?num=5&type= HTTP/1.1" 200 195
0:0:0:0:0:0:0:1 - - [11/May/2023:15:53:07 +0900] "GET /ServletStudy/gugudan?num=11&type= HTTP/1.1" 200 206
0:0:0:0:0:0:0:1 - - [11/May/2023:15:53:11 +0900] "GET /ServletStudy/gugudan?num=11&type=rlist HTTP/1.1" 200 224
0:0:0:0:0:0:0:1 - - [11/May/2023:15:53:17 +0900] "GET /ServletStudy/gugudan?num=11&type=rtable HTTP/1.1" 200 611
0:0:0:0:0:0:0:1 - - [11/May/2023:15:53:36 +0900] "GET /ServletStudy/gugudan?num=11&type= HTTP/1.1" 200 206
127.0.0.1 - - [11/May/2023:15:55:45 +0900] "GET / HTTP/1.1" 404 807
0:0:0:0:0:0:0:1 - - [11/May/2023:15:55:46 +0900] "GET /ServletStudy/gugudan HTTP/1.1" 200 192
0:0:0:0:0:0:0:1 - - [11/May/2023:15:55:50 +0900] "GET /ServletStudy/gugudan?num=5&type= HTTP/1.1" 200 195
0:0:0:0:0:0:0:1 - - [11/May/2023:15:55:53 +0900] "GET /ServletStudy/gugudan?num=5&type=odd HTTP/1.1" 200 119
0:0:0:0:0:0:0:1 - - [11/May/2023:15:55:57 +0900] "GET /ServletStudy/gugudan?num=5&type=even HTTP/1.1" 200 101
0:0:0:0:0:0:0:1 - - [11/May/2023:15:56:17 +0900] "GET /ServletStudy/gugudan?num=5&type=reverse HTTP/1.1" 200 195
0:0:0:0:0:0:0:1 - - [11/May/2023:15:56:21 +0900] "GET /ServletStudy/gugudan?num=5&type=rtable HTTP/1.1" 200 600
0:0:0:0:0:0:0:1 - - [11/May/2023:15:56:25 +0900] "GET /ServletStudy/gugudan?num=5&type=rlist HTTP/1.1" 200 213
0:0:0:0:0:0:0:1 - - [11/May/2023:15:56:35 +0900] "GET /ServletStudy/gugudan?num=&type=rlist HTTP/1.1" 500 1427
0:0:0:0:0:0:0:1 - - [11/May/2023:15:56:39 +0900] "GET /ServletStudy/gugudan?num=5&type=rlist HTTP/1.1" 200 213
0:0:0:0:0:0:0:1 - - [11/May/2023:15:56:43 +0900] "GET /ServletStudy/gugudan?num=5&type=odd HTTP/1.1" 200 119
127.0.0.1 - - [11/May/2023:16:01:09 +0900] "GET / HTTP/1.1" 404 807
0:0:0:0:0:0:0:1 - - [11/May/2023:16:01:09 +0900] "GET /ServletStudy/gugudan HTTP/1.1" 200 192
0:0:0:0:0:0:0:1 - - [11/May/2023:16:01:13 +0900] "GET /ServletStudy/gugudan?num=5&type= HTTP/1.1" 200 195
0:0:0:0:0:0:0:1 - - [11/May/2023:16:01:18 +0900] "GET /ServletStudy/gugudan?num=5&type=reverselist HTTP/1.1" 200 213
0:0:0:0:0:0:0:1 - - [11/May/2023:16:01:24 +0900] "GET /ServletStudy/gugudan?num=5&type=oddlist HTTP/1.1" 200 129
0:0:0:0:0:0:0:1 - - [11/May/2023:16:01:28 +0900] "GET /ServletStudy/gugudan?num=5&type=evenlist HTTP/1.1" 200 109
0:0:0:0:0:0:0:1 - - [11/May/2023:16:01:34 +0900] "GET /ServletStudy/gugudan?num=5&type=oddtable HTTP/1.1" 200 344
0:0:0:0:0:0:0:1 - - [11/May/2023:16:01:45 +0900] "GET /ServletStudy/gugudan HTTP/1.1" 200 192
127.0.0.1 - - [11/May/2023:16:24:17 +0900] "GET / HTTP/1.1" 404 807
0:0:0:0:0:0:0:1 - - [11/May/2023:16:24:17 +0900] "GET /ServletStudy/gugudan HTTP/1.1" 200 214
127.0.0.1 - - [11/May/2023:16:24:43 +0900] "GET / HTTP/1.1" 404 807
0:0:0:0:0:0:0:1 - - [11/May/2023:16:24:43 +0900] "GET /ServletStudy/gugudan HTTP/1.1" 200 220
0:0:0:0:0:0:0:1 - - [11/May/2023:16:31:54 +0900] "GET /ServletStudy/gugudan HTTP/1.1" 200 220
127.0.0.1 - - [11/May/2023:16:37:59 +0900] "GET / HTTP/1.1" 404 807
0:0:0:0:0:0:0:1 - - [11/May/2023:16:38:00 +0900] "GET /ServletStudy/servlet/edu.pnu.servlet.MethodTest HTTP/1.1" 404 862
0:0:0:0:0:0:0:1 - - [11/May/2023:16:38:26 +0900] "GET /ServletStudy/servlet/edu.pnu.servlet.MethodTest HTTP/1.1" 404 862
127.0.0.1 - - [11/May/2023:16:40:13 +0900] "GET / HTTP/1.1" 404 807
0:0:0:0:0:0:0:1 - - [11/May/2023:16:40:14 +0900] "GET /ServletStudy/servlet/edu.pnu.servlet.MethodTest HTTP/1.1" 404 862
0:0:0:0:0:0:0:1 - - [11/May/2023:16:41:44 +0900] "GET /ServletStudy/servlet/edu.pnu.servlet.MethodTest HTTP/1.1" 404 862
0:0:0:0:0:0:0:1 - - [11/May/2023:16:43:04 +0900] "GET /ServletStudy/test HTTP/1.1" 404 828
127.0.0.1 - - [11/May/2023:16:44:19 +0900] "GET / HTTP/1.1" 404 807
127.0.0.1 - - [11/May/2023:16:44:37 +0900] "GET / HTTP/1.1" 404 807
0:0:0:0:0:0:0:1 - - [11/May/2023:16:45:50 +0900] "GET /ServletStudy/test HTTP/1.1" 200 -
0:0:0:0:0:0:0:1 - - [11/May/2023:16:46:50 +0900] "GET /ServletStudy/test HTTP/1.1" 200 -
0:0:0:0:0:0:0:1 - - [11/May/2023:16:46:58 +0900] "GET /ServletStudy/test/ HTTP/1.1" 404 833
127.0.0.1 - - [11/May/2023:16:47:17 +0900] "GET / HTTP/1.1" 404 807
0:0:0:0:0:0:0:1 - - [11/May/2023:16:47:17 +0900] "GET /ServletStudy/test HTTP/1.1" 200 -
0:0:0:0:0:0:0:1 - - [11/May/2023:16:47:33 +0900] "GET /ServletStudy/test HTTP/1.1" 200 -
0:0:0:0:0:0:0:1 - - [11/May/2023:16:47:38 +0900] "GET /ServletStudy/test HTTP/1.1" 200 -
0:0:0:0:0:0:0:1 - - [11/May/2023:16:47:43 +0900] "GET /ServletStudy/test HTTP/1.1" 200 -
0:0:0:0:0:0:0:1 - - [11/May/2023:16:48:11 +0900] "POST /ServletStudy/test HTTP/1.1" 200 -
0:0:0:0:0:0:0:1 - - [11/May/2023:16:48:30 +0900] "DELETE /ServletStudy/test HTTP/1.1" 200 -
0:0:0:0:0:0:0:1 - - [11/May/2023:16:48:37 +0900] "POST /ServletStudy/test HTTP/1.1" 200 -
0:0:0:0:0:0:0:1 - - [11/May/2023:16:48:43 +0900] "GET /ServletStudy/test HTTP/1.1" 200 -
0:0:0:0:0:0:0:1 - - [11/May/2023:16:52:34 +0900] "PUT /ServletStudy/test HTTP/1.1" 200 -
0:0:0:0:0:0:0:1 - - [11/May/2023:16:52:47 +0900] "GET /ServletStudy/test HTTP/1.1" 200 -
0:0:0:0:0:0:0:1 - - [11/May/2023:16:52:54 +0900] "DELETE /ServletStudy/test HTTP/1.1" 200 -
0:0:0:0:0:0:0:1 - - [11/May/2023:16:53:43 +0900] "DELETE /ServletStudy/test HTTP/1.1" 200 -
0:0:0:0:0:0:0:1 - - [11/May/2023:16:53:48 +0900] "GET /ServletStudy/test HTTP/1.1" 200 -
0:0:0:0:0:0:0:1 - - [11/May/2023:16:53:52 +0900] "PUT /ServletStudy/test HTTP/1.1" 200 -
127.0.0.1 - - [11/May/2023:16:55:57 +0900] "GET / HTTP/1.1" 404 807
0:0:0:0:0:0:0:1 - - [11/May/2023:16:55:58 +0900] "GET /ServletStudy/gugudan HTTP/1.1" 405 825
0:0:0:0:0:0:0:1 - - [11/May/2023:16:56:23 +0900] "GET /ServletStudy/gugudan HTTP/1.1" 405 825
127.0.0.1 - - [11/May/2023:16:56:32 +0900] "GET / HTTP/1.1" 404 807
0:0:0:0:0:0:0:1 - - [11/May/2023:16:56:33 +0900] "GET /ServletStudy/gugudan HTTP/1.1" 200 220
0:0:0:0:0:0:0:1 - - [11/May/2023:16:57:06 +0900] "PUT /ServletStudy/gugudan?num=7&type=reverse HTTP/1.1" 405 825
0:0:0:0:0:0:0:1 - - [11/May/2023:16:57:31 +0900] "GET /ServletStudy/gugudan?num=7&type=reverse HTTP/1.1" 200 223
0:0:0:0:0:0:0:1 - - [11/May/2023:16:57:55 +0900] "GET /ServletStudy/gugudan?num=8&type=list HTTP/1.1" 200 241
0:0:0:0:0:0:0:1 - - [11/May/2023:16:58:21 +0900] "POST /ServletStudy/gugudan?num=8&type=list HTTP/1.1" 405 829
0:0:0:0:0:0:0:1 - - [11/May/2023:16:58:40 +0900] "GET /ServletStudy/gugudan?num=6&type=reverselist HTTP/1.1" 200 241
127.0.0.1 - - [11/May/2023:17:26:51 +0900] "GET / HTTP/1.1" 404 807
0:0:0:0:0:0:0:1 - - [11/May/2023:17:26:52 +0900] "GET /MustHaveJSP/HelloJSP.jsp HTTP/1.1" 200 225
0:0:0:0:0:0:0:1 - - [11/May/2023:17:36:50 +0900] "GET /ServletStudy/_01DirectiveScript/ScriptElements.jsp HTTP/1.1" 200 182
127.0.0.1 - - [11/May/2023:17:42:38 +0900] "GET / HTTP/1.1" 404 807
0:0:0:0:0:0:0:1 - - [11/May/2023:17:42:39 +0900] "GET /ServletStudy/_01DirectiveScript/ScriptElements.jsp HTTP/1.1" 200 182
127.0.0.1 - - [11/May/2023:17:56:00 +0900] "GET / HTTP/1.1" 404 807
0:0:0:0:0:0:0:1 - - [11/May/2023:17:56:01 +0900] "GET /ServletStudy/NewFile HTTP/1.1" 200 187
0:0:0:0:0:0:0:1 - - [11/May/2023:17:58:08 +0900] "GET /MustHaveJSP/_01DirectiveScript/ScriptElements.jsp HTTP/1.1" 200 128
127.0.0.1 - - [11/May/2023:17:59:20 +0900] "GET / HTTP/1.1" 404 807
0:0:0:0:0:0:0:1 - - [11/May/2023:17:59:20 +0900] "GET /MustHaveJSP/_01DirectiveScript/ScriptElements.jsp HTTP/1.1" 200 187
